// Vitest Snapshot v1, https://vitest.dev/guide/snapshot.html

exports[`Bericht je Profil > Kurz-Audit (nur Kernfragen) 1`] = `
{
  "angriffsketten": [
    "54.0 %  entry-phishing ⇒ email  [stoppt: passkeys]",
    "52.0 %  entry-stuffing ⇒ email  [stoppt: unique-passwords]",
    "39.0 %  entry-call ⇒ computer  [stoppt: callback-rule]",
  ],
  "archetyp": [
    "trusting",
    "minimalist",
  ],
  "bedrohungen": [
    "65 = 85×76  critical phishing-credentials",
    "56 = 64×87  critical support-scam",
    "52 = 62×84  critical email-takeover",
    "45 = 82×55  high     credential-stuffing",
    "41 = 52×79  high     banking-fraud",
    "39 = 85×46  high     smishing",
    "38 = 46×82  high     investment-scam",
    "37 = 46×80  high     infostealer",
    "36 = 46×79  high     shock-call",
    "34 = 61×55  high     data-loss",
    "28 = 34×82  medium   cloud-takeover",
    "23 = 30×77  medium   router-compromise",
    "20 = 24×85  medium   ransomware",
    "20 = 28×70  medium   mobile-malware",
    "19 = 23×83  medium   romance-scam",
    "17 = 54×32  low      fake-shop",
    "17 = 50×34  low      card-fraud",
    "17 = 24×70  low      device-theft",
    "17 = 24×72  low      identity-theft",
    "16 = 36×45  low      sextortion",
    "15 = 40×38  low      public-network",
    "13 = 18×70  low      account-recovery-abuse",
    "12 = 16×77  low      sim-swap",
    "10 = 17×58  low      doxxing",
  ],
  "bereitsErledigt": [],
  "gesamtbild": {
    "aufwandMinuten": 770,
    "kostenProJahr": 140,
    "label": "Ausbaufähig",
    "score": 43,
    "verteilung": {
      "critical": 3,
      "high": 7,
      "low": 9,
      "medium": 5,
    },
  },
  "kernbefunde": [
    "headline: Dein größtes Risiko ist nicht Schadsoftware. Es ist Phishing.",
  ],
  "kronjuwelen": [
    "email (Wert 92, Schutz 21)",
    "cloud (Wert 85, Schutz 12)",
    "computer (Wert 80, Schutz 48)",
  ],
  "plan": [
    {
      "phase": "now",
      "punkte": [
        "callback-rule (−71, 10 Min.)",
        "app-check-habit (−46, 5 Min.)",
        "cooldown-rule (−38, 5 Min.)",
        "password-manager (−88, 45 Min.)",
        "passkeys (−53, 25 Min.)",
      ],
    },
    {
      "phase": "month",
      "punkte": [
        "updates-auto (−27, 25 Min.)",
        "trusted-helper (−21, 15 Min.)",
        "phishing-drill (−21, 20 Min.)",
        "banking-alerts (−15, 15 Min.)",
        "recovery-codes (−19, 30 Min.)",
      ],
    },
    {
      "phase": "quarter",
      "punkte": [
        "tethering-habit (−7, 5 Min.)",
        "sextortion-response (−8, 10 Min.)",
        "strong-lockscreen (−8, 10 Min.)",
        "transfer-limits (−11, 15 Min.)",
        "app-store-only (−8, 15 Min.)",
      ],
    },
    {
      "phase": "later",
      "punkte": [
        "family-codeword (−8, 10 Min.)",
        "payment-rules (−8, 10 Min.)",
        "router-hardening (−15, 40 Min.)",
        "backup-offline (−45, 90 Min.)",
        "session-cleanup (−9, 30 Min.)",
      ],
    },
    {
      "phase": "rest",
      "punkte": [
        "remote-tools-off (−5, 15 Min.)",
        "breach-check (−7, 20 Min.)",
        "mfa-critical (−11, 40 Min.)",
        "device-encryption (−6, 20 Min.)",
        "app-permissions-review (−3, 25 Min.)",
        "report-early (−3, 25 Min.)",
        "vpn-when-traveling (−2, 20 Min.)",
        "email-aliases (−2, 20 Min.)",
        "apple-google-hardening (−3, 35 Min.)",
        "email-separation (−3, 60 Min.)",
        "unique-passwords (−2, 60 Min.)",
      ],
    },
  ],
  "produkte": [
    "Bitwarden",
    "1Password",
    "Proton Pass",
    "KeePassXC",
    "Verbraucherzentrale — Phishing-Radar",
    "Onlinewache der Polizei",
    "Have I Been Pwned",
    "klicksafe",
    "FRITZ!Box (eigener Router)",
    "Externe SSD oder HDD (2 TB)",
    "Time Machine",
    "Veeam Agent for Windows (Free)",
    "Backblaze Personal Backup",
    "HPI Identity Leak Checker",
    "Ente Auth",
    "Aegis Authenticator",
    "2FAS",
    "BSI für Bürger",
    "Kostenlose VPN-Apps",
    "SimpleLogin",
    "addy.io",
    ""E-Mail-Adresse verbergen" (Apple)",
    "Proton Mail",
    "Tuta",
  ],
  "scams": [
    "phishing-credentials",
    "support-scam",
    "banking-fraud",
  ],
  "schwachstellen": [
    "cloud (Wert 85, Schutz 12)",
    "email (Wert 92, Schutz 21)",
    "computer (Wert 80, Schutz 48)",
  ],
}
`;

exports[`Bericht je Profil > exposed 1`] = `
{
  "angriffsketten": [
    "62.0 %  entry-stuffing ⇒ email  [stoppt: unique-passwords]",
    "54.0 %  entry-phishing ⇒ email  [stoppt: passkeys]",
    "59.0 %  entry-call ⇒ computer  [stoppt: callback-rule]",
  ],
  "archetyp": [
    "trusting",
    null,
  ],
  "bedrohungen": [
    "77 = 88×87  critical credential-stuffing",
    "73 = 89×82  critical phishing-credentials",
    "70 = 80×87  critical support-scam",
    "64 = 76×84  critical shock-call",
    "62 = 79×79  critical banking-fraud",
    "61 = 76×80  critical infostealer",
    "59 = 76×77  critical router-compromise",
    "56 = 62×90  critical email-takeover",
    "53 = 85×62  critical smishing",
    "51 = 64×80  critical mobile-malware",
    "51 = 61×83  critical data-loss",
    "50 = 58×87  critical ransomware",
    "46 = 56×82  high     investment-scam",
    "45 = 56×80  high     identity-theft",
    "39 = 70×55  high     iot-exposure",
    "29 = 34×85  medium   cloud-takeover",
    "28 = 32×87  medium   romance-scam",
    "24 = 72×34  medium   card-fraud",
    "22 = 32×70  medium   account-recovery-abuse",
    "21 = 24×88  medium   sim-swap",
    "21 = 24×89  medium   device-theft",
    "20 = 44×45  medium   sextortion",
    "20 = 34×58  medium   doxxing",
    "16 = 54×30  low      fake-shop",
    "15 = 40×38  low      public-network",
  ],
  "bereitsErledigt": [],
  "gesamtbild": {
    "aufwandMinuten": 1255,
    "kostenProJahr": 140,
    "label": "Kritisch",
    "score": 21,
    "verteilung": {
      "critical": 12,
      "high": 3,
      "low": 2,
      "medium": 8,
    },
  },
  "kernbefunde": [
    "headline: Dein größtes Risiko ist nicht Schadsoftware. Es ist Passwort-Wiederverwendung.",
    "myth: Du zahlst für eine Security-Suite. "Die Rückruf-Regel für Anrufe" bringt dir rechnerisch etwa 3-mal mehr — und kostet nichts.",
    "blindspot: Du hast Zwei-Faktor aktiviert — in der schwächsten verfügbaren Form.",
  ],
  "kronjuwelen": [
    "email (Wert 98, Schutz 18)",
    "bank (Wert 87, Schutz 38)",
    "cloud (Wert 85, Schutz 21)",
  ],
  "plan": [
    {
      "phase": "now",
      "punkte": [
        "callback-rule (−102, 10 Min.)",
        "app-check-habit (−56, 5 Min.)",
        "cooldown-rule (−52, 5 Min.)",
        "password-manager (−120, 45 Min.)",
        "updates-auto (−62, 25 Min.)",
      ],
    },
    {
      "phase": "month",
      "punkte": [
        "passkeys (−61, 25 Min.)",
        "banking-alerts (−29, 15 Min.)",
        "family-codeword (−21, 10 Min.)",
        "app-store-only (−20, 15 Min.)",
        "router-hardening (−48, 40 Min.)",
      ],
    },
    {
      "phase": "quarter",
      "punkte": [
        "trusted-helper (−24, 15 Min.)",
        "no-cracks (−37, 30 Min.)",
        "recovery-codes (−28, 30 Min.)",
        "transfer-limits (−18, 15 Min.)",
        "phishing-drill (−18, 20 Min.)",
      ],
    },
    {
      "phase": "later",
      "punkte": [
        "sextortion-response (−10, 10 Min.)",
        "device-encryption (−20, 20 Min.)",
        "investment-rules (−13, 15 Min.)",
        "tethering-habit (−7, 5 Min.)",
        "photo-archive (−22, 60 Min.)",
      ],
    },
    {
      "phase": "rest",
      "punkte": [
        "mobile-account-pin (−9, 15 Min.)",
        "breach-check (−12, 20 Min.)",
        "close-remote-access (−26, 35 Min.)",
        "schufa-check (−7, 20 Min.)",
        "payment-rules (−7, 10 Min.)",
        "banking-second-device (−16, 30 Min.)",
        "backup-offline (−41, 90 Min.)",
        "fake-security-answers (−5, 15 Min.)",
        "social-lockdown (−10, 45 Min.)",
        "mfa-critical (−14, 40 Min.)",
        "remote-tools-off (−4, 15 Min.)",
        "sensitive-data-cleanup (−12, 60 Min.)",
        "session-cleanup (−5, 30 Min.)",
        "virtual-cards (−5, 25 Min.)",
        "app-permissions-review (−4, 25 Min.)",
        "osint-selfcheck (−7, 45 Min.)",
        "drop-sms-mfa (−5, 30 Min.)",
        "strong-lockscreen (−2, 10 Min.)",
        "iot-passwords (−3, 30 Min.)",
        "vpn-when-traveling (−2, 20 Min.)",
        "report-early (−2, 25 Min.)",
        "email-aliases (−2, 20 Min.)",
        "unique-passwords (−3, 60 Min.)",
        "data-broker-optout (−5, 90 Min.)",
        "apple-google-hardening (−2, 35 Min.)",
      ],
    },
  ],
  "produkte": [
    "Bitwarden",
    "1Password",
    "Proton Pass",
    "KeePassXC",
    "FRITZ!Box (eigener Router)",
    "Verbraucherzentrale — Phishing-Radar",
    "Onlinewache der Polizei",
    "Have I Been Pwned",
    "klicksafe",
    "Externe SSD oder HDD (2 TB)",
    "Ente Photos",
    "HPI Identity Leak Checker",
    "SCHUFA-Datenkopie (Art. 15 DSGVO)",
    "Time Machine",
    "Veeam Agent for Windows (Free)",
    "Backblaze Personal Backup",
    "Ente Auth",
    "Aegis Authenticator",
    "2FAS",
    "Kostenlose VPN-Apps",
    "BSI für Bürger",
    "SimpleLogin",
    "addy.io",
    ""E-Mail-Adresse verbergen" (Apple)",
  ],
  "scams": [
    "phishing-credentials",
    "support-scam",
    "shock-call",
  ],
  "schwachstellen": [
    "home (Wert 40, Schutz 2)",
    "email (Wert 98, Schutz 18)",
    "cloud (Wert 85, Schutz 21)",
  ],
}
`;

exports[`Bericht je Profil > family 1`] = `
{
  "angriffsketten": [
    "34.0 %  entry-iot ⇒ home  [stoppt: close-remote-access]",
    "12.0 %  entry-sim ⇒ sim  [stoppt: mobile-account-pin]",
    "9.3 %  entry-stealer ⇒ computer → vault  [stoppt: no-cracks]",
  ],
  "archetyp": [
    "connected-home",
    "family-hub",
  ],
  "bedrohungen": [
    "56 = 77×73  critical child-risk",
    "52 = 63×83  critical data-loss",
    "47 = 60×79  high     work-bleed",
    "43 = 48×89  high     infostealer",
    "43 = 52×83  high     iot-exposure",
    "40 = 46×86  high     ransomware",
    "35 = 56×63  high     credential-stuffing",
    "30 = 36×82  medium   investment-scam",
    "30 = 38×80  medium   identity-theft",
    "28 = 36×77  medium   sim-swap",
    "28 = 36×79  medium   banking-fraud",
    "28 = 34×83  medium   router-compromise",
    "27 = 32×85  medium   device-theft",
    "24 = 28×87  medium   mobile-malware",
    "24 = 34×72  medium   shock-call",
    "24 = 84×28  medium   card-fraud",
    "20 = 41×48  medium   smishing",
    "20 = 28×72  medium   doxxing",
    "18 = 21×86  medium   email-takeover",
    "18 = 21×87  medium   cloud-takeover",
    "14 = 46×30  low      fake-shop",
    "14 = 25×55  low      gaming-takeover",
    "13 = 25×52  low      phishing-credentials",
    "13 = 18×70  low      account-recovery-abuse",
    "13 = 16×83  low      romance-scam",
    "12 = 14×84  low      support-scam",
    "12 = 26×45  low      sextortion",
    "11 = 21×50  low      public-network",
  ],
  "bereitsErledigt": [],
  "gesamtbild": {
    "aufwandMinuten": 1430,
    "kostenProJahr": 90,
    "label": "Ausbaufähig",
    "score": 48,
    "verteilung": {
      "critical": 2,
      "high": 5,
      "low": 8,
      "medium": 13,
    },
  },
  "kernbefunde": [
    "headline: Dein größtes Risiko ist nicht Schadsoftware. Es ist Kinder.",
    "blindspot: Deine Cloud ist kein Backup. Sie ist eine Spiegelung.",
    "blindspot: Deine Zwei-Faktor-Absicherung beim Banking ist faktisch einer.",
    "blindspot: Du weißt von einem Leak und hast nichts geändert.",
  ],
  "kronjuwelen": [
    "vault (Wert 95, Schutz 54)",
    "email (Wert 92, Schutz 64)",
    "phone (Wert 90, Schutz 59)",
  ],
  "plan": [
    {
      "phase": "now",
      "punkte": [
        "cooldown-rule (−35, 5 Min.)",
        "updates-auto (−47, 25 Min.)",
        "password-manager (−56, 45 Min.)",
        "family-codeword (−25, 10 Min.)",
        "mobile-account-pin (−18, 15 Min.)",
      ],
    },
    {
      "phase": "month",
      "punkte": [
        "ai-data-rules (−19, 15 Min.)",
        "banking-alerts (−23, 15 Min.)",
        "family-talk (−23, 30 Min.)",
        "app-check-habit (−13, 5 Min.)",
        "strong-lockscreen (−12, 10 Min.)",
      ],
    },
    {
      "phase": "quarter",
      "punkte": [
        "close-remote-access (−38, 35 Min.)",
        "transfer-limits (−14, 15 Min.)",
        "report-early (−15, 25 Min.)",
        "photo-archive (−23, 60 Min.)",
        "app-store-only (−9, 15 Min.)",
      ],
    },
    {
      "phase": "later",
      "punkte": [
        "recovery-codes (−17, 30 Min.)",
        "device-encryption (−14, 20 Min.)",
        "payment-rules (−9, 10 Min.)",
        "session-cleanup (−13, 30 Min.)",
        "social-lockdown (−16, 45 Min.)",
      ],
    },
    {
      "phase": "rest",
      "punkte": [
        "backup-offline (−45, 90 Min.)",
        "breach-check (−9, 20 Min.)",
        "passkeys (−13, 25 Min.)",
        "work-separation (−17, 60 Min.)",
        "banking-second-device (−11, 30 Min.)",
        "family-setup (−13, 60 Min.)",
        "schufa-check (−4, 20 Min.)",
        "iot-segment (−14, 45 Min.)",
        "sextortion-response (−3, 10 Min.)",
        "fake-security-answers (−3, 15 Min.)",
        "drop-sms-mfa (−5, 30 Min.)",
        "osint-selfcheck (−8, 45 Min.)",
        "mfa-critical (−7, 40 Min.)",
        "virtual-cards (−4, 25 Min.)",
        "kids-accounts (−4, 40 Min.)",
        "sensitive-data-cleanup (−5, 60 Min.)",
        "standard-user-account (−4, 30 Min.)",
        "app-permissions-review (−2, 25 Min.)",
        "iot-passwords (−2, 30 Min.)",
        "gaming-hardening (−3, 35 Min.)",
        "email-aliases (−1, 20 Min.)",
        "find-my-device (−1, 15 Min.)",
        "backup-test (−2, 45 Min.)",
        "apple-google-hardening (−1, 35 Min.)",
        "unique-passwords (−1, 60 Min.)",
        "email-separation (−1, 60 Min.)",
      ],
    },
  ],
  "produkte": [
    "Bitwarden",
    "1Password",
    "Proton Pass",
    "KeePassXC",
    "klicksafe",
    "Verbraucherzentrale — Phishing-Radar",
    "FRITZ!Box (eigener Router)",
    "Onlinewache der Polizei",
    "BSI für Bürger",
    "Externe SSD oder HDD (2 TB)",
    "Ente Photos",
    "Time Machine",
    "Veeam Agent for Windows (Free)",
    "Backblaze Personal Backup",
    "Have I Been Pwned",
    "HPI Identity Leak Checker",
    "SCHUFA-Datenkopie (Art. 15 DSGVO)",
    "Ente Auth",
    "Aegis Authenticator",
    "2FAS",
    "SimpleLogin",
    "addy.io",
    ""E-Mail-Adresse verbergen" (Apple)",
    "Proton Mail",
    "Tuta",
  ],
  "scams": [
    "investment-scam",
    "banking-fraud",
    "shock-call",
  ],
  "schwachstellen": [
    "home (Wert 65, Schutz 22)",
    "identity (Wert 80, Schutz 25)",
    "sim (Wert 85, Schutz 30)",
  ],
}
`;

exports[`Bericht je Profil > hardened 1`] = `
{
  "angriffsketten": [
    "42.0 %  entry-chat ⇒ chat  [stoppt: gaming-hardening]",
    "13.0 %  entry-device ⇒ phone  [stoppt: strong-lockscreen]",
    "22.0 %  entry-sim ⇒ sim  [stoppt: mobile-account-pin]",
  ],
  "archetyp": [
    "solid",
    "valuable",
  ],
  "bedrohungen": [
    "40 = 46×86  high     investment-scam",
    "31 = 55×56  medium   smishing",
    "28 = 34×82  medium   infostealer",
    "20 = 45×45  medium   gaming-takeover",
    "19 = 24×79  medium   work-bleed",
    "18 = 21×87  medium   romance-scam",
    "17 = 26×66  low      sim-swap",
    "16 = 20×80  low      shock-call",
    "15 = 46×33  low      card-fraud",
    "12 = 14×83  low      email-takeover",
    "12 = 26×45  low      sextortion",
    "12 = 44×28  low      device-theft",
    "12 = 16×72  low      identity-theft",
    "11 = 14×82  low      cloud-takeover",
    "11 = 14×79  low      support-scam",
    "11 = 13×85  low      banking-fraud",
    "10 = 40×24  low      fake-shop",
    " 9 = 13×70  low      account-recovery-abuse",
    " 9 = 14×67  low      iot-exposure",
    " 9 = 12×79  low      router-compromise",
    " 9 = 16×55  low      data-loss",
    " 8 = 14×56  low      mobile-malware",
    " 8 = 9×84  low      crypto-theft",
    " 8 = 14×58  low      doxxing",
    " 7 = 13×52  low      phishing-credentials",
    " 6 = 10×57  low      credential-stuffing",
    " 6 = 17×35  low      ransomware",
    " 6 = 17×38  low      public-network",
  ],
  "bereitsErledigt": [
    "backup-offline",
    "backup-test",
    "banking-second-device",
    "breach-check",
    "device-encryption",
    "email-aliases",
    "email-separation",
    "hardware-wallet",
    "mfa-critical",
    "passkeys",
    "password-manager",
    "recovery-codes",
    "router-hardening",
    "seed-offline",
    "strong-lockscreen",
    "updates-auto",
  ],
  "gesamtbild": {
    "aufwandMinuten": 510,
    "kostenProJahr": 110,
    "label": "Solide mit Lücken",
    "score": 70,
    "verteilung": {
      "critical": 0,
      "high": 1,
      "low": 22,
      "medium": 5,
    },
  },
  "kernbefunde": [
    "headline: Dein größtes Risiko ist nicht Schadsoftware. Es ist Anlagebetrug.",
    "win: Du bist bei den Grundlagen weiter als die allermeisten.",
  ],
  "kronjuwelen": [
    "vault (Wert 95, Schutz 94)",
    "email (Wert 92, Schutz 98)",
    "bank (Wert 89, Schutz 88)",
  ],
  "plan": [
    {
      "phase": "now",
      "punkte": [
        "cooldown-rule (−38, 5 Min.)",
        "app-check-habit (−21, 5 Min.)",
        "investment-rules (−17, 15 Min.)",
        "mobile-account-pin (−11, 15 Min.)",
        "session-cleanup (−20, 30 Min.)",
      ],
    },
    {
      "phase": "month",
      "punkte": [
        "banking-alerts (−12, 15 Min.)",
        "phishing-drill (−13, 20 Min.)",
        "sextortion-response (−6, 10 Min.)",
        "report-early (−9, 25 Min.)",
        "gaming-hardening (−11, 35 Min.)",
      ],
    },
    {
      "phase": "quarter",
      "punkte": [
        "transfer-limits (−6, 15 Min.)",
        "find-my-device (−4, 15 Min.)",
        "payment-rules (−5, 10 Min.)",
        "apple-google-hardening (−10, 35 Min.)",
        "app-permissions-review (−4, 25 Min.)",
      ],
    },
    {
      "phase": "later",
      "punkte": [
        "crypto-hygiene (−5, 20 Min.)",
        "iot-segment (−10, 45 Min.)",
        "hardware-key (−15, 50 Min.)",
        "iot-passwords (−2, 30 Min.)",
        "digital-declutter (−4, 90 Min.)",
      ],
    },
  ],
  "produkte": [
    "Verbraucherzentrale — Phishing-Radar",
    "Onlinewache der Polizei",
    "Have I Been Pwned",
    "klicksafe",
    "BSI für Bürger",
    "Ente Auth",
    "FRITZ!Box (eigener Router)",
    "YubiKey 5 (zwei Stück)",
    "Nitrokey 3",
  ],
  "scams": [
    "investment-scam",
    "smishing",
    "gaming-takeover",
  ],
  "schwachstellen": [
    "sim (Wert 45, Schutz 55)",
    "home (Wert 55, Schutz 71)",
    "work (Wert 50, Schutz 75)",
  ],
}
`;

exports[`Bericht je Profil > visible 1`] = `
{
  "angriffsketten": [
    "64.0 %  entry-phishing ⇒ email  [stoppt: passkeys]",
    "43.0 %  entry-sim ⇒ sim  [stoppt: mobile-account-pin]",
    "29.0 %  entry-stealer ⇒ computer  [stoppt: no-cracks]",
  ],
  "archetyp": [
    "crypto",
    "valuable",
  ],
  "bedrohungen": [
    "65 = 74×88  critical investment-scam",
    "63 = 82×77  critical sim-swap",
    "61 = 74×82  critical sextortion",
    "59 = 71×83  critical data-loss",
    "56 = 85×66  critical doxxing",
    "53 = 62×85  critical banking-fraud",
    "49 = 70×70  critical work-bleed",
    "48 = 60×80  critical identity-theft",
    "47 = 54×87  high     crypto-theft",
    "46 = 52×88  high     infostealer",
    "45 = 87×52  high     phishing-credentials",
    "44 = 50×88  high     romance-scam",
    "42 = 75×56  high     smishing",
    "38 = 48×80  high     shock-call",
    "34 = 45×75  high     credential-stuffing",
    "31 = 40×78  medium   iot-exposure",
    "28 = 32×87  medium   ransomware",
    "26 = 30×87  medium   email-takeover",
    "25 = 28×89  medium   cloud-takeover",
    "25 = 77×33  medium   card-fraud",
    "25 = 32×79  medium   router-compromise",
    "25 = 50×50  medium   device-theft",
    "22 = 32×70  medium   account-recovery-abuse",
    "22 = 74×30  medium   fake-shop",
    "19 = 23×84  medium   support-scam",
    "19 = 35×55  medium   gaming-takeover",
    "12 = 14×87  low      mobile-malware",
    "12 = 32×38  low      public-network",
  ],
  "bereitsErledigt": [
    "device-encryption",
    "strong-lockscreen",
  ],
  "gesamtbild": {
    "aufwandMinuten": 1745,
    "kostenProJahr": 560,
    "label": "Deutlich exponiert",
    "score": 32,
    "verteilung": {
      "critical": 8,
      "high": 7,
      "low": 2,
      "medium": 11,
    },
  },
  "kernbefunde": [
    "headline: Dein größtes Risiko ist nicht Schadsoftware. Es ist Anlagebetrug.",
    "blindspot: Deine Zwei-Faktor-Absicherung beim Banking ist faktisch einer.",
    "blindspot: Du bist technisch souverän — und hast trotzdem kein belastbares Backup.",
    "blindspot: Über dich ist genug öffentlich, dass sich jemand am Telefon als du ausgeben kann.",
  ],
  "kronjuwelen": [
    "bank (Wert 98, Schutz 45)",
    "crypto (Wert 96, Schutz 22)",
    "vault (Wert 95, Schutz 54)",
  ],
  "plan": [
    {
      "phase": "now",
      "punkte": [
        "cooldown-rule (−74, 5 Min.)",
        "app-check-habit (−41, 5 Min.)",
        "mobile-account-pin (−41, 15 Min.)",
        "callback-rule (−45, 10 Min.)",
        "sextortion-response (−31, 10 Min.)",
      ],
    },
    {
      "phase": "month",
      "punkte": [
        "no-cracks (−79, 30 Min.)",
        "investment-rules (−33, 15 Min.)",
        "password-manager (−63, 45 Min.)",
        "banking-alerts (−29, 15 Min.)",
        "phishing-drill (−29, 20 Min.)",
      ],
    },
    {
      "phase": "quarter",
      "punkte": [
        "recovery-codes (−29, 30 Min.)",
        "ai-data-rules (−16, 15 Min.)",
        "social-lockdown (−27, 45 Min.)",
        "breach-check (−19, 20 Min.)",
        "updates-auto (−23, 25 Min.)",
      ],
    },
    {
      "phase": "later",
      "punkte": [
        "trusted-helper (−16, 15 Min.)",
        "photo-archive (−26, 60 Min.)",
        "router-hardening (−28, 40 Min.)",
        "passkeys (−22, 25 Min.)",
        "find-my-device (−9, 15 Min.)",
      ],
    },
    {
      "phase": "rest",
      "punkte": [
        "transfer-limits (−11, 15 Min.)",
        "seed-offline (−20, 30 Min.)",
        "payment-rules (−9, 10 Min.)",
        "tethering-habit (−5, 5 Min.)",
        "schufa-check (−8, 20 Min.)",
        "backup-offline (−46, 90 Min.)",
        "drop-sms-mfa (−14, 30 Min.)",
        "osint-selfcheck (−19, 45 Min.)",
        "report-early (−10, 25 Min.)",
        "sensitive-data-cleanup (−16, 60 Min.)",
        "iot-segment (−14, 45 Min.)",
        "fake-security-answers (−4, 15 Min.)",
        "app-store-only (−4, 15 Min.)",
        "email-aliases (−4, 20 Min.)",
        "session-cleanup (−6, 30 Min.)",
        "banking-second-device (−6, 30 Min.)",
        "crypto-hygiene (−5, 20 Min.)",
        "app-permissions-review (−3, 25 Min.)",
        "virtual-cards (−5, 25 Min.)",
        "mfa-critical (−8, 40 Min.)",
        "work-separation (−8, 60 Min.)",
        "data-broker-optout (−8, 90 Min.)",
        "iot-passwords (−3, 30 Min.)",
        "privacy-screen (−2, 10 Min.)",
        "apple-google-hardening (−3, 35 Min.)",
        "vpn-when-traveling (−1, 20 Min.)",
        "address-hygiene (−4, 60 Min.)",
        "hardware-key (−5, 50 Min.)",
        "gaming-hardening (−2, 35 Min.)",
        "standard-user-account (−1, 30 Min.)",
        "email-separation (−2, 60 Min.)",
        "unique-passwords (−1, 60 Min.)",
        "digital-declutter (−1, 90 Min.)",
        "hardware-wallet (−1, 60 Min.)",
      ],
    },
  ],
  "produkte": [
    "Onlinewache der Polizei",
    "Have I Been Pwned",
    "klicksafe",
    "Bitwarden",
    "1Password",
    "Proton Pass",
    "KeePassXC",
    "Verbraucherzentrale — Phishing-Radar",
    "HPI Identity Leak Checker",
    "Externe SSD oder HDD (2 TB)",
    "Ente Photos",
    "FRITZ!Box (eigener Router)",
    "Stahlplatte für die Seed-Phrase",
    "Ledger / Trezor Hardware-Wallet",
    "SCHUFA-Datenkopie (Art. 15 DSGVO)",
    "Time Machine",
    "Veeam Agent for Windows (Free)",
    "Backblaze Personal Backup",
    "Ente Auth",
    "Aegis Authenticator",
    "BSI für Bürger",
    "SimpleLogin",
    "addy.io",
    ""E-Mail-Adresse verbergen" (Apple)",
    "2FAS",
    "Blickschutzfolie",
    "Kostenlose VPN-Apps",
    "YubiKey 5 (zwei Stück)",
    "Nitrokey 3",
    "Proton Mail",
    "Tuta",
  ],
  "scams": [
    "investment-scam",
    "sextortion",
    "banking-fraud",
  ],
  "schwachstellen": [
    "crypto (Wert 96, Schutz 22)",
    "identity (Wert 80, Schutz 25)",
    "sim (Wert 85, Schutz 30)",
  ],
}
`;
